// Jest Snapshot v1, https://goo.gl/fbAQLP

exports[`Fetch Rewards Form matches snapshot 1`] = `
<div>
  <section
    class="col-sm-8 col-md-6 col-lg-4 offset-sm-2 offset-md-3 offset-lg-4"
  >
    <div
      class="FetchRewardsForm card"
    >
      <div
        class="card-body"
      >
        <form>
          <div
            class="mb-3"
          >
            <label
              class="form-label"
            >
              Name
            </label>
            <input
              class="form-control"
              name="name"
              value=""
            />
          </div>
          <div
            class="mb-3"
          >
            <label
              class="form-label"
            >
              Email
            </label>
            <input
              class="form-control"
              name="email"
              value=""
            />
          </div>
          <div
            class="mb-3"
          >
            <label
              class="form-label"
            >
              Password
            </label>
            <input
              class="form-control"
              name="password"
              type="password"
              value=""
            />
          </div>
          <div
            class="mb-3"
          >
            <label
              class="form-label"
            >
              Occupation
            </label>
            <select
              class="form-control"
              name="occupation"
            >
              <option>
                testing
              </option>
              <option>
                testing2
              </option>
            </select>
          </div>
          <div
            class="mb-3"
          >
            <label
              class="form-label"
            >
              State
            </label>
            <select
              class="form-control"
              name="state"
            >
              <option>
                Alabama AL
              </option>
              <option>
                Illinois IL
              </option>
            </select>
          </div>
          <button
            class="btn btn-success"
            disabled=""
          >
             Submit!
          </button>
        </form>
      </div>
    </div>
  </section>
</div>
`;
